┏━━━━━━━━━━━━━━━━━━━━━━┳━━━━━━━━━━┳━━━━━━━━━━┳━━━━━━━━━━┳━━━━━━━━━━┳━━━━━━━━━━┳━━━━━━━━━━━┳━━━━━━━━━━┳━━━━━━━━━━━┳━━━━━━━━━━┳━━━━━━━━━━━┳━━━━━━━━━━┳━━━━━━━━━━━┓
┃                      ┃ Hold     ┃ Reg to   ┃          ┃          ┃ of which ┃ Setup     ┃ Reg to   ┃           ┃ Setup    ┃ of which  ┃          ┃           ┃
┃                      ┃ Worst    ┃ Reg      ┃          ┃ Hold Vio ┃ reg to   ┃ Worst     ┃ Reg      ┃           ┃ Vio      ┃ reg to    ┃ Max Cap  ┃ Max Slew  ┃
┃ Corner/Group         ┃ Slack    ┃ Paths    ┃ Hold TNS ┃ Count    ┃ reg      ┃ Slack     ┃ Paths    ┃ Setup TNS ┃ Count    ┃ reg       ┃ Violati… ┃ Violatio… ┃
┡━━━━━━━━━━━━━━━━━━━━━━╇━━━━━━━━━━╇━━━━━━━━━━╇━━━━━━━━━━╇━━━━━━━━━━╇━━━━━━━━━━╇━━━━━━━━━━━╇━━━━━━━━━━╇━━━━━━━━━━━╇━━━━━━━━━━╇━━━━━━━━━━━╇━━━━━━━━━━╇━━━━━━━━━━━┩
│ Overall              │ 0.1172   │ 0.1172   │ 0.0000   │ 0        │ 0        │ -7.5255   │ -7.5255  │ -8824.79… │ 6100     │ 5716      │ 146      │ 16814     │
│ nom_tt_025C_1v80     │ 0.3338   │ 0.3338   │ 0.0000   │ 0        │ 0        │ 7.2188    │ 8.6751   │ 0.0000    │ 0        │ 0         │ 3        │ 3971      │
│ nom_ss_100C_1v60     │ 0.9304   │ 0.9304   │ 0.0000   │ 0        │ 0        │ -6.3254   │ -6.3254  │ -6775.41… │ 2048     │ 1920      │ 87       │ 14616     │
│ nom_ff_n40C_1v95     │ 0.1195   │ 0.1195   │ 0.0000   │ 0        │ 0        │ 11.8004   │ 14.3999  │ 0.0000    │ 0        │ 0         │ 2        │ 358       │
│ min_tt_025C_1v80     │ 0.3306   │ 0.3306   │ 0.0000   │ 0        │ 0        │ 7.7479    │ 9.2786   │ 0.0000    │ 0        │ 0         │ 0        │ 2806      │
│ min_ss_100C_1v60     │ 0.9182   │ 0.9182   │ 0.0000   │ 0        │ 0        │ -5.0960   │ -5.0960  │ -4634.54… │ 2004     │ 1876      │ 30       │ 12332     │
│ min_ff_n40C_1v95     │ 0.1172   │ 0.1172   │ 0.0000   │ 0        │ 0        │ 12.1507   │ 14.8560  │ 0.0000    │ 0        │ 0         │ 0        │ 109       │
│ max_tt_025C_1v80     │ 0.3374   │ 0.3374   │ 0.0000   │ 0        │ 0        │ 6.7285    │ 8.0539   │ 0.0000    │ 0        │ 0         │ 6        │ 5098      │
│ max_ss_100C_1v60     │ 0.9390   │ 0.9390   │ 0.0000   │ 0        │ 0        │ -7.5255   │ -7.5255  │ -8824.79… │ 2048     │ 1920      │ 146      │ 16814     │
│ max_ff_n40C_1v95     │ 0.1221   │ 0.1221   │ 0.0000   │ 0        │ 0        │ 11.4513   │ 13.9767  │ 0.0000    │ 0        │ 0         │ 4        │ 840       │
└──────────────────────┴──────────┴──────────┴──────────┴──────────┴──────────┴───────────┴──────────┴───────────┴──────────┴───────────┴──────────┴───────────┘
